<?xml version="1.0" encoding="UTF-8"?>
<TestRun id="55a75790-03a5-44d3-b13d-7433ac64122a" name="kendrijaitis@KENDRIJAITIS-LT 2012-07-09 18:19:01" runUser="BAM-STL\kendrijaitis" xmlns="http://microsoft.com/schemas/VisualStudio/TeamTest/2010">
  <TestSettings name="Local" id="1c8dc479-6421-4466-af05-95897d203bed">
    <Description>These are default test settings for a local test run.</Description>
    <Deployment enabled="false" runDeploymentRoot="kendrijaitis_KENDRIJAITIS-LT 2012-07-09 18_19_01">
      <DeploymentItem filename="c:\users\kendrijaitis\documents\visual studio 2010\Projects\FizzBuzzKata\FizzBuzzKata\bin\Debug\FizzBuzzKata.exe" />
    </Deployment>
    <Execution>
      <TestTypeSpecific />
      <AgentRule name="Execution Agents">
      </AgentRule>
    </Execution>
  </TestSettings>
  <Times creation="2012-07-09T18:19:01.7376132-05:00" queuing="2012-07-09T18:19:08.3159895-05:00" start="2012-07-09T18:19:08.6040060-05:00" finish="2012-07-09T18:19:36.2045846-05:00" />
  <ResultSummary outcome="Error">
    <Counters total="1" executed="1" error="0" failed="0" timeout="0" aborted="1" inconclusive="0" passedButRunAborted="0" notRunnable="0" notExecuted="0" disconnected="0" warning="0" passed="0" completed="0" inProgress="0" pending="0" />
    <RunInfos>
      <RunInfo computerName="KENDRIJAITIS-LT" outcome="Error" timestamp="2012-07-09T18:19:36.2025845-05:00">
        <Text>Test host process exited unexpectedly.</Text>
      </RunInfo>
    </RunInfos>
  </ResultSummary>
  <TestDefinitions>
    <UnitTest name="NumberPrintsTest" storage="c:\users\kendrijaitis\documents\visual studio 2010\projects\fizzbuzzkata\fizzbuzzkatatestbetter\bin\debug\fizzbuzzkatatestbetter.dll" id="397d1718-32cc-5b4b-433a-322a3822749a">
      <Execution id="e9c56c89-74c9-49c7-9c25-157c3efbbc61" />
      <TestMethod codeBase="c:/users/kendrijaitis/documents/visual studio 2010/Projects/FizzBuzzKata/FizzBuzzKataTestBetter/bin/Debug/FizzBuzzKataTestBetter.DLL" adapterTypeName="Microsoft.VisualStudio.TestTools.TestTypes.Unit.UnitTestAdapter, Microsoft.VisualStudio.QualityTools.Tips.UnitTest.Adapter, Version=10.0.0.0, Culture=neutral, PublicKeyToken=b03f5f7f11d50a3a" className="FizzBuzzKataTestBetter.FizzBuzzTest, FizzBuzzKataTestBetter, Version=1.0.0.0, Culture=neutral, PublicKeyToken=null" name="NumberPrintsTest" />
    </UnitTest>
  </TestDefinitions>
  <TestLists>
    <TestList name="Results Not in a List" id="8c84fa94-04c1-424b-9868-57a2d4851a1d" />
    <TestList name="All Loaded Results" id="19431567-8539-422a-85d7-44ee4e166bda" />
  </TestLists>
  <TestEntries>
    <TestEntry testId="397d1718-32cc-5b4b-433a-322a3822749a" executionId="e9c56c89-74c9-49c7-9c25-157c3efbbc61" testListId="8c84fa94-04c1-424b-9868-57a2d4851a1d" />
  </TestEntries>
  <Results>
    <UnitTestResult executionId="e9c56c89-74c9-49c7-9c25-157c3efbbc61" testId="397d1718-32cc-5b4b-433a-322a3822749a" testName="NumberPrintsTest" computerName="KENDRIJAITIS-LT" duration="00:00:27.4495700" startTime="2012-07-09T18:19:08.7550146-05:00" endTime="2012-07-09T18:19:36.2045846-05:00" testType="13cdc9d9-ddb5-4fa4-a97d-d965ccfc6d4b" outcome="Aborted" testListId="8c84fa94-04c1-424b-9868-57a2d4851a1d" relativeResultsDirectory="e9c56c89-74c9-49c7-9c25-157c3efbbc61">
    </UnitTestResult>
  </Results>
</TestRun>